// Jest Snapshot v1, https://goo.gl/fbAQLP

exports[`Pruebas en componente GifElement Prueba match con Snapshot  1`] = `
<div>
  <div
    class="card"
  >
    <img
      alt="Satiama"
      src="https://one-punch.com/saitama.jpg"
    />
    <p>
      Satiama
    </p>
  </div>
</div>
`;
